// Jest Snapshot v1, https://goo.gl/fbAQLP

exports[`<Text /> should render correctly 1`] = `
.c0 {
  color: #FAFAFA;
  font-family: Lato;
  font-size: 1.6rem;
  font-weight: 400;
  text-align: left;
  -webkit-transition: color 0.4s ease-in-out;
  transition: color 0.4s ease-in-out;
}

.c0 strong {
  font-weight: 700;
}

<p
  class="c0"
  color="text"
>
  Example text
</p>
`;
